src/components/ui/qrcodedataurl.tsx(15,20): error TS7016: Could not find a declaration file for module 'qrcode'. 'C:/Users/nehal/OneDrive/java/Desktop/app-9nyarvfv57gh/node_modules/qrcode/lib/index.js' implicitly has an 'any' type.
  Try `npm i --save-dev @types/qrcode` if it exists or add a new declaration (.d.ts) file containing `declare module 'qrcode';`
src/components/ui/video.tsx(87,6): error TS2304: Cannot find name 'Player'.
src/components/ui/video.tsx(105,10): error TS2741: Property 'actions' is missing in type '{ key: string; }' but required in type 'FullScreenToggleProps'.
src/components/ui/video.tsx(108,7): error TS2304: Cannot find name 'Player'.
src/pages/AssessmentPage.tsx(25,16): error TS6133: 'setSkin' is declared but its value is never read.
src/pages/DoctorRegisterPage.tsx(11,16): error TS6133: 'Upload' is declared but its value is never read.
src/pages/LandingPage.tsx(3,16): error TS6133: 'CardContent' is declared but its value is never read.
